{
  "name": "roleplay-chat-server",
  "version": "1.0.0",
  "description": "ロールプレイチャットアプリのローカルサーバー",
  "main": "server.js",
  "scripts": {
    "start": "node server.js",
    "dev": "node server.js"
  },
  "keywords": [
    "roleplay",
    "chat",
    "local",
    "server"
  ],
  "author": "",
  "license": "MIT",
  "dependencies": {
    "express": "^5.1.0"
  }
}
